// Jest Snapshot v1, https://goo.gl/fbAQLP

exports[`Button component component should match snapshot 1`] = `
<button
  class="vk-btn is-ghost-primary is-lg"
/>
`;
